<html>
<body>
<pre>
<h1>µVision Build Log</h1>
<h2>Tool Versions:</h2>
IDE-Version: µVision V5.25.0.0
Copyright (C) 2017 ARM Ltd and ARM Germany GmbH. All rights reserved.
License Information: sadas asdadas, as, LIC=----
 
Tool Versions:
Toolchain:       MDK-Lite  Version: 5.25.0.0
Toolchain Path:  C:\Keil_v5\ARM\ARMCC\Bin
C Compiler:      Armcc.exe V5.06 update 6 (build 750)
Assembler:       Armasm.exe V5.06 update 6 (build 750)
Linker/Locator:  ArmLink.exe V5.06 update 6 (build 750)
Library Manager: ArmAr.exe V5.06 update 6 (build 750)
Hex Converter:   FromElf.exe V5.06 update 6 (build 750)
CPU DLL:         SARMCM3.DLL V5.25.0.0
Dialog DLL:      DCM.DLL V1.17.0.0
Target DLL:      STLink\ST-LINKIII-KEIL_SWO.dll V3.0.1.0
Dialog DLL:      TCM.DLL V1.34.0.0
 
<h2>Project:</h2>
D:\Hoc tap\MCU\stm32cube_fw_f303vct6\_project\03_External_interrupt\MDK-ARM\03_External_interrupt.uvprojx
Project File Date:  05/23/2018

<h2>Output:</h2>
*** Using Compiler 'V5.06 update 6 (build 750)', folder: 'C:\Keil_v5\ARM\ARMCC\Bin'
Build target '03_External_interrupt'
compiling main.c...
../Src/main.c(113): warning:  #188-D: enumerated type mixed with another type
  			HAL_GPIO_WritePin(GPIOE,GPIO_PIN_8,1);
../Src/main.c(115): warning:  #188-D: enumerated type mixed with another type
  			HAL_GPIO_WritePin(GPIOE,GPIO_PIN_9,1);
../Src/main.c(117): warning:  #188-D: enumerated type mixed with another type
  			HAL_GPIO_WritePin(GPIOE,GPIO_PIN_10,1);
../Src/main.c(119): warning:  #188-D: enumerated type mixed with another type
  			HAL_GPIO_WritePin(GPIOE,GPIO_PIN_11,1);
../Src/main.c(121): warning:  #188-D: enumerated type mixed with another type
  			HAL_GPIO_WritePin(GPIOE,GPIO_PIN_12,1);
../Src/main.c(135): warning:  #188-D: enumerated type mixed with another type
  			HAL_GPIO_WritePin(GPIOE,GPIO_PIN_11,0);
../Src/main.c(137): warning:  #188-D: enumerated type mixed with another type
  			HAL_GPIO_WritePin(GPIOE,GPIO_PIN_12,0);
../Src/main.c(139): warning:  #188-D: enumerated type mixed with another type
  			HAL_GPIO_WritePin(GPIOE,GPIO_PIN_13,0);
../Src/main.c(141): warning:  #188-D: enumerated type mixed with another type
  			HAL_GPIO_WritePin(GPIOE,GPIO_PIN_14,0);
../Src/main.c(143): warning:  #188-D: enumerated type mixed with another type
  			HAL_GPIO_WritePin(GPIOE,GPIO_PIN_15,0);
../Src/main.c(153): warning:  #188-D: enumerated type mixed with another type
  			HAL_GPIO_WritePin(GPIOE,GPIO_PIN_15,1);
../Src/main.c(155): warning:  #188-D: enumerated type mixed with another type
  			HAL_GPIO_WritePin(GPIOE,GPIO_PIN_14,1);
../Src/main.c(157): warning:  #188-D: enumerated type mixed with another type
  			HAL_GPIO_WritePin(GPIOE,GPIO_PIN_13,1);
../Src/main.c(159): warning:  #188-D: enumerated type mixed with another type
  			HAL_GPIO_WritePin(GPIOE,GPIO_PIN_12,1);
../Src/main.c(161): warning:  #188-D: enumerated type mixed with another type
  			HAL_GPIO_WritePin(GPIOE,GPIO_PIN_11,1);
../Src/main.c(163): warning:  #188-D: enumerated type mixed with another type
  			HAL_GPIO_WritePin(GPIOE,GPIO_PIN_10,1);
../Src/main.c(165): warning:  #188-D: enumerated type mixed with another type
  			HAL_GPIO_WritePin(GPIOE,GPIO_PIN_9,1);
../Src/main.c(167): warning:  #188-D: enumerated type mixed with another type
  			HAL_GPIO_WritePin(GPIOE,GPIO_PIN_8,1);
../Src/main.c: 24 warnings, 0 errors
linking...
Program Size: Code=3944 RO-data=472 RW-data=12 ZI-data=1028  
FromELF: creating hex file...
"03_External_interrupt\03_External_interrupt.axf" - 0 Error(s), 18 Warning(s).

<h2>Software Packages used:</h2>

Package Vendor: ARM
                http://www.keil.com/pack/ARM.CMSIS.5.3.0.pack
                ARM.CMSIS.5.3.0
                CMSIS (Cortex Microcontroller Software Interface Standard)
   * Component: CORE Version: 5.1.1

Package Vendor: Keil
                http://www.keil.com/pack/Keil.STM32F3xx_DFP.2.1.0.pack
                Keil.STM32F3xx_DFP.2.1.0
                STMicroelectronics STM32F3 Series Device Support and Examples

<h2>Collection of Component include folders:</h2>
  .\RTE\_03_External_interrupt
  C:\Keil_v5\ARM\PACK\ARM\CMSIS\5.3.0\CMSIS\Include
  C:\Keil_v5\ARM\PACK\Keil\STM32F3xx_DFP\2.1.0\Drivers\CMSIS\Device\ST\STM32F3xx\Include

<h2>Collection of Component Files used:</h2>

   * Component: ARM::CMSIS:CORE:5.1.1
Build Time Elapsed:  00:00:01
</pre>
</body>
</html>
